==> To INSTALL apache benchmark:
$ sudo apt-get update
$ sudo apt-get install apache2-utils
$ ab -V


==> To run a test:
$ ab -c 10 -n 100 -r http://52.66.78.130/


==> If testing for high no. of requests and it gives error - "socket: Too many open files (24)":
1. Open the file /etc/security/limits.conf:
$ sudo nano /etc/security/limits.conf

2. Add these lines and save:
* soft nofile 65536
* hard nofile 65536

3.And reboot the machine:
$ sudo reboot